src/app/user-crud/user-crud.component.spec.ts(22,6): error TS1005: '}' expected.
